** Drc report for openrz67.kicad_pcb **
** Created on 2026-09-25T11:07:43 **
** Report includes: Errors, Warnings, Exclusions **

** Found 22 DRC violations **
[courtyards_overlap]: Courtyards overlap
    Rule: board setup constraints courtyard; warning
    @(146.4095 mm, 104.3950 mm): Footprint C29
    @(145.2830 mm, 103.6690 mm): Footprint R23
[courtyards_overlap]: Courtyards overlap
    Rule: board setup constraints courtyard; warning
    @(135.4000 mm, 98.4000 mm): Footprint U2
    @(134.1500 mm, 95.9000 mm): Footprint C24
[courtyards_overlap]: Courtyards overlap
    Rule: board setup constraints courtyard; warning
    @(138.0000 mm, 99.8000 mm): Footprint C25
    @(140.0440 mm, 99.1755 mm): Footprint R20
[courtyards_overlap]: Courtyards overlap
    Rule: board setup constraints courtyard; warning
    @(138.0000 mm, 99.8000 mm): Footprint C25
    @(140.0675 mm, 100.3735 mm): Footprint R6
[courtyards_overlap]: Courtyards overlap
    Rule: board setup constraints courtyard; warning
    @(126.0720 mm, 96.5875 mm): Footprint C21
    @(123.6070 mm, 103.2590 mm): Footprint USB1
[courtyards_overlap]: Courtyards overlap
    Rule: board setup constraints courtyard; warning
    @(150.1500 mm, 96.0000 mm): Footprint R25
    @(149.6000 mm, 98.0000 mm): Footprint C32
[courtyards_overlap]: Courtyards overlap
    Rule: board setup constraints courtyard; warning
    @(130.3010 mm, 97.8650 mm): Footprint L3
    @(134.1500 mm, 95.9000 mm): Footprint C24
[courtyards_overlap]: Courtyards overlap
    Rule: board setup constraints courtyard; warning
    @(130.3010 mm, 97.8650 mm): Footprint L3
    @(126.9000 mm, 91.7000 mm): Footprint Q3
[courtyards_overlap]: Courtyards overlap
    Rule: board setup constraints courtyard; warning
    @(130.3010 mm, 97.8650 mm): Footprint L3
    @(129.7790 mm, 92.2860 mm): Footprint C20
[courtyards_overlap]: Courtyards overlap
    Rule: board setup constraints courtyard; warning
    @(130.3010 mm, 97.8650 mm): Footprint L3
    @(127.9565 mm, 102.5530 mm): Footprint R9
[courtyards_overlap]: Courtyards overlap
    Rule: board setup constraints courtyard; warning
    @(123.2750 mm, 94.8105 mm): Footprint BAT1
    @(126.9000 mm, 91.7000 mm): Footprint Q3
[courtyards_overlap]: Courtyards overlap
    Rule: board setup constraints courtyard; warning
    @(149.6000 mm, 98.0000 mm): Footprint C32
    @(149.0500 mm, 96.0000 mm): Footprint R24
[courtyards_overlap]: Courtyards overlap
    Rule: board setup constraints courtyard; warning
    @(141.2570 mm, 104.4195 mm): Footprint U1
    @(145.2830 mm, 103.6690 mm): Footprint R23
[courtyards_overlap]: Courtyards overlap
    Rule: board setup constraints courtyard; warning
    @(146.3050 mm, 102.8670 mm): Footprint C6
    @(145.2830 mm, 103.6690 mm): Footprint R23
[courtyards_overlap]: Courtyards overlap
    Rule: board setup constraints courtyard; warning
    @(123.6070 mm, 103.2590 mm): Footprint USB1
    @(122.0000 mm, 110.0000 mm): Footprint H1
[text_thickness]: Text thickness out of range (board setup constraints silk text thickness min thickness 0.1500 mm; actual 0.1000 mm)
    Rule: board setup constraints silk text thickness; warning
    @(143.3000 mm, 96.3000 mm): PCB text 'BOOT EN ' on F.Silkscreen
[text_height]: Text height out of range (board setup constraints silk text height min height 1.0000 mm; actual 0.5000 mm)
    Rule: board setup constraints silk text height; warning
    @(143.3000 mm, 96.3000 mm): PCB text 'BOOT EN ' on F.Silkscreen
[silk_overlap]: Silkscreen clearance
    Rule: board setup constraints silk; warning
    @(133.6100 mm, 97.4000 mm): Circle of U2 on F.Silkscreen
    @(133.7010 mm, 94.1650 mm): Segment of L3 on F.Silkscreen
[silk_over_copper]: Silkscreen clipped by solder mask
    Local override; warning
    @(134.0700 mm, 97.0700 mm): Segment of U2 on F.Silkscreen
    @(134.1500 mm, 96.6000 mm): Pad 2 [VCC] of C24 on F.Cu
[silk_over_copper]: Silkscreen clipped by solder mask
    Local override; warning
    @(133.7010 mm, 94.1650 mm): Segment of L3 on F.Silkscreen
    @(134.1500 mm, 95.2000 mm): Pad 1 [GND] of C24 on F.Cu
[silk_over_copper]: Silkscreen clipped by solder mask
    Local override; warning
    @(133.7010 mm, 94.1650 mm): Segment of L3 on F.Silkscreen
    @(134.1500 mm, 96.6000 mm): Pad 2 [VCC] of C24 on F.Cu
[silk_over_copper]: Silkscreen clipped by solder mask
    Local override; warning
    @(133.6030 mm, 95.0710 mm): Segment of L3 on F.Silkscreen
    @(134.1500 mm, 95.2000 mm): Pad 1 [GND] of C24 on F.Cu

** Found 0 unconnected pads **

** Found 0 Footprint errors **

** Ignored checks **
    - Footprint has no courtyard defined
    - Track endpoint not centered on via
    - Tuning profile track geometries
    - Footprint doesn't match symbol's footprint filters
    - Footprint component type doesn't match footprint pads

** End of Report **
